2025-10-31 12:13:09 | [96mINFO[0m | TradingBot | Authenticated as: Keyurbhai Ukabhai Navadiya (IYF261)
2025-10-31 12:13:09 | [96mINFO[0m | TradingBot | ================================================================================
2025-10-31 12:13:09 | [96mINFO[0m | TradingBot | 🚀 TRADING BOT STARTED
2025-10-31 12:13:09 | [96mINFO[0m | TradingBot | Capital: ₹10,000 | Leverage: 5.0x | Buying Power: ₹50,000
2025-10-31 12:13:09 | [96mINFO[0m | TradingBot | ================================================================================
2025-10-31 12:13:09 | [96mINFO[0m | TradingBot | Starting trading for: UNIONBANK
2025-10-31 12:16:23 | [96mINFO[0m | TradingBot | Authenticated as: Keyurbhai Ukabhai Navadiya (IYF261)
2025-10-31 12:16:23 | [96mINFO[0m | TradingBot | ================================================================================
2025-10-31 12:16:23 | [96mINFO[0m | TradingBot | 🚀 TRADING BOT STARTED
2025-10-31 12:16:23 | [96mINFO[0m | TradingBot | Capital: ₹1,000 | Leverage: 5.0x | Buying Power: ₹5,000
2025-10-31 12:16:23 | [96mINFO[0m | TradingBot | ================================================================================
2025-10-31 12:16:23 | [96mINFO[0m | TradingBot | Starting trading for: IDEA
2025-10-31 13:00:42 | [96mINFO[0m | TradingBot | Authenticated as: Keyurbhai Ukabhai Navadiya (IYF261)
2025-10-31 13:00:42 | [96mINFO[0m | TradingBot | ================================================================================
2025-10-31 13:00:42 | [96mINFO[0m | TradingBot | 🚀 TRADING BOT STARTED
2025-10-31 13:00:42 | [96mINFO[0m | TradingBot | Capital: ₹1,000 | Leverage: 5.0x | Buying Power: ₹5,000
2025-10-31 13:00:42 | [96mINFO[0m | TradingBot | ================================================================================
2025-10-31 13:00:42 | [96mINFO[0m | TradingBot | Starting trading for: IDEA
2025-10-31 13:01:34 | [93mWARNING[0m | TradingBot | Shutdown initiated via command
2025-10-31 13:01:37 | [96mINFO[0m | TradingBot | Initiating shutdown...
2025-10-31 13:01:37 | [96mINFO[0m | TradingBot | No trades today
2025-10-31 13:01:37 | [96mINFO[0m | TradingBot | ================================================================================
2025-10-31 13:01:37 | [96mINFO[0m | TradingBot | 🛑 TRADING BOT STOPPED | Reason: Normal shutdown
2025-10-31 13:01:37 | [96mINFO[0m | TradingBot | ================================================================================
2025-10-31 13:02:13 | [96mINFO[0m | TradingBot | Authenticated as: Keyurbhai Ukabhai Navadiya (IYF261)
2025-10-31 13:02:13 | [96mINFO[0m | TradingBot | ================================================================================
2025-10-31 13:02:13 | [96mINFO[0m | TradingBot | 🚀 TRADING BOT STARTED
2025-10-31 13:02:13 | [96mINFO[0m | TradingBot | Capital: ₹2,500 | Leverage: 5.0x | Buying Power: ₹12,500
2025-10-31 13:02:13 | [96mINFO[0m | TradingBot | ================================================================================
2025-10-31 13:02:13 | [96mINFO[0m | TradingBot | Starting trading for: FIVESTAR
2025-10-31 13:02:51 | [93mWARNING[0m | TradingBot | Stopped monitoring ALL stocks via command
2025-10-31 13:04:39 | [93mWARNING[0m | TradingBot | Shutdown initiated via command
2025-10-31 13:04:43 | [96mINFO[0m | TradingBot | Initiating shutdown...
2025-10-31 13:04:43 | [96mINFO[0m | TradingBot | No trades today
2025-10-31 13:04:43 | [96mINFO[0m | TradingBot | ================================================================================
2025-10-31 13:04:43 | [96mINFO[0m | TradingBot | 🛑 TRADING BOT STOPPED | Reason: Normal shutdown
2025-10-31 13:04:43 | [96mINFO[0m | TradingBot | ================================================================================
2025-10-31 13:05:52 | [96mINFO[0m | TradingBot | Authenticated as: Keyurbhai Ukabhai Navadiya (IYF261)
2025-10-31 13:05:52 | [96mINFO[0m | TradingBot | ================================================================================
2025-10-31 13:05:52 | [96mINFO[0m | TradingBot | 🚀 TRADING BOT STARTED
2025-10-31 13:05:52 | [96mINFO[0m | TradingBot | Capital: ₹500 | Leverage: 5.0x | Buying Power: ₹2,500
2025-10-31 13:05:52 | [96mINFO[0m | TradingBot | ================================================================================
2025-10-31 13:05:52 | [96mINFO[0m | TradingBot | Starting trading for: UNIONBANK, NAVINFLUOR, CHENNPETRO
2025-10-31 13:18:32 | [93mWARNING[0m | TradingBot | Stopped monitoring ALL stocks via command
2025-10-31 13:19:04 | [93mWARNING[0m | TradingBot | Stopped monitoring ALL stocks via command
2025-10-31 13:19:35 | [93mWARNING[0m | TradingBot | Stopped monitoring ALL stocks via command
2025-10-31 13:19:54 | [93mWARNING[0m | TradingBot | Stopped monitoring ALL stocks via command
2025-10-31 13:20:06 | [93mWARNING[0m | TradingBot | Shutdown initiated via command
2025-10-31 13:20:08 | [96mINFO[0m | TradingBot | Initiating shutdown...
2025-10-31 13:20:08 | [96mINFO[0m | TradingBot | No trades today
2025-10-31 13:20:08 | [96mINFO[0m | TradingBot | ================================================================================
2025-10-31 13:20:08 | [96mINFO[0m | TradingBot | 🛑 TRADING BOT STOPPED | Reason: Normal shutdown
2025-10-31 13:20:08 | [96mINFO[0m | TradingBot | ================================================================================
2025-10-31 13:20:44 | [96mINFO[0m | TradingBot | Authenticated as: Keyurbhai Ukabhai Navadiya (IYF261)
2025-10-31 13:20:44 | [96mINFO[0m | TradingBot | ================================================================================
2025-10-31 13:20:44 | [96mINFO[0m | TradingBot | 🚀 TRADING BOT STARTED
2025-10-31 13:20:44 | [96mINFO[0m | TradingBot | Capital: ₹10,000 | Leverage: 5.0x | Buying Power: ₹50,000
2025-10-31 13:20:44 | [96mINFO[0m | TradingBot | ================================================================================
2025-10-31 13:20:44 | [96mINFO[0m | TradingBot | Starting trading for: IDEA
2025-10-31 13:21:01 | [93mWARNING[0m | TradingBot | Stopped monitoring ALL stocks via command
2025-10-31 13:27:30 | [93mWARNING[0m | TradingBot | Shutdown initiated via command
2025-10-31 13:27:34 | [96mINFO[0m | TradingBot | Initiating shutdown...
2025-10-31 13:27:34 | [96mINFO[0m | TradingBot | No trades today
2025-10-31 13:27:34 | [96mINFO[0m | TradingBot | ================================================================================
2025-10-31 13:27:34 | [96mINFO[0m | TradingBot | 🛑 TRADING BOT STOPPED | Reason: Normal shutdown
2025-10-31 13:27:34 | [96mINFO[0m | TradingBot | ================================================================================
2025-10-31 13:30:26 | [96mINFO[0m | TradingBot | Authenticated as: Keyurbhai Ukabhai Navadiya (IYF261)
2025-10-31 13:30:26 | [96mINFO[0m | TradingBot | ================================================================================
2025-10-31 13:30:26 | [96mINFO[0m | TradingBot | 🚀 TRADING BOT STARTED
2025-10-31 13:30:26 | [96mINFO[0m | TradingBot | Capital: ₹2,500 | Leverage: 5.0x | Buying Power: ₹12,500
2025-10-31 13:30:26 | [96mINFO[0m | TradingBot | ================================================================================
2025-10-31 13:30:26 | [96mINFO[0m | TradingBot | Starting trading for: UNIONBANK
2025-10-31 13:30:54 | [93mWARNING[0m | TradingBot | Stopped monitoring ALL stocks via command
2025-10-31 13:32:27 | [93mWARNING[0m | TradingBot | Shutdown initiated via command
2025-10-31 13:32:31 | [96mINFO[0m | TradingBot | Initiating shutdown...
2025-10-31 13:32:31 | [96mINFO[0m | TradingBot | No trades today
2025-10-31 13:32:31 | [96mINFO[0m | TradingBot | ================================================================================
2025-10-31 13:32:31 | [96mINFO[0m | TradingBot | 🛑 TRADING BOT STOPPED | Reason: Normal shutdown
2025-10-31 13:32:31 | [96mINFO[0m | TradingBot | ================================================================================
2025-10-31 13:33:18 | [96mINFO[0m | TradingBot | Authenticated as: Keyurbhai Ukabhai Navadiya (IYF261)
2025-10-31 13:33:18 | [96mINFO[0m | TradingBot | ================================================================================
2025-10-31 13:33:18 | [96mINFO[0m | TradingBot | 🚀 TRADING BOT STARTED
2025-10-31 13:33:18 | [96mINFO[0m | TradingBot | Capital: ₹2,500 | Leverage: 5.0x | Buying Power: ₹12,500
2025-10-31 13:33:18 | [96mINFO[0m | TradingBot | ================================================================================
2025-10-31 13:33:18 | [96mINFO[0m | TradingBot | Starting trading for: TCS, UNIONBANK, FIVESTAR
2025-10-31 13:33:41 | [93mWARNING[0m | TradingBot | Stopped monitoring TCS via command
2025-10-31 13:33:53 | [96mINFO[0m | TradingBot | Resumed monitoring ALL stocks via command
2025-10-31 13:34:12 | [93mWARNING[0m | TradingBot | Stopped monitoring TCS, via command
2025-10-31 13:34:19 | [93mWARNING[0m | TradingBot | Stopped monitoring FIVESTAR via command
2025-10-31 13:34:31 | [96mINFO[0m | TradingBot | Resumed monitoring FIVESTAR via command
2025-10-31 13:34:36 | [93mWARNING[0m | TradingBot | Stopped monitoring ALL stocks via command
2025-10-31 13:39:07 | [93mWARNING[0m | TradingBot | Stopped monitoring ALL stocks via command
2025-10-31 13:39:10 | [93mWARNING[0m | TradingBot | Stopped monitoring ALL stocks via command
2025-10-31 13:39:55 | [96mINFO[0m | TradingBot | Resumed monitoring FIVESTAR via command
2025-10-31 13:40:16 | [96mINFO[0m | TradingBot | Resumed monitoring TCS via command
2025-10-31 13:40:38 | [93mWARNING[0m | TradingBot | Stopped monitoring ALL stocks via command
2025-10-31 13:40:52 | [93mWARNING[0m | TradingBot | Shutdown initiated via command
2025-10-31 13:40:53 | [96mINFO[0m | TradingBot | Initiating shutdown...
2025-10-31 13:40:53 | [96mINFO[0m | TradingBot | No trades today
2025-10-31 13:40:53 | [96mINFO[0m | TradingBot | ================================================================================
2025-10-31 13:40:53 | [96mINFO[0m | TradingBot | 🛑 TRADING BOT STOPPED | Reason: Normal shutdown
2025-10-31 13:40:53 | [96mINFO[0m | TradingBot | ================================================================================
